###############################################################################
#
# IAR ELF Linker V8.22.1.15669/W32 for ARM                13/Apr/2018  16:02:09
# Copyright 2007-2018 IAR Systems AB.
#
#    Output file  =  
#        E:\Users\bertz\Documents\GitHub\001STM32_WS2812B\WS2812Bv1.0\EWARM\WS2812Bv1.0\Exe\WS2812Bv1.0.out
#    Map file     =  
#        E:\Users\bertz\Documents\GitHub\001STM32_WS2812B\WS2812Bv1.0\EWARM\WS2812Bv1.0\List\WS2812Bv1.0.map
#    Command line =  
#        -f C:\Users\bertz\AppData\Local\Temp\EW5837.tmp
#        (E:\Users\bertz\Documents\GitHub\001STM32_WS2812B\WS2812Bv1.0\EWARM\WS2812Bv1.0\Obj\bsp_ws2812b.o
#        E:\Users\bertz\Documents\GitHub\001STM32_WS2812B\WS2812Bv1.0\EWARM\WS2812Bv1.0\Obj\gpio.o
#        E:\Users\bertz\Documents\GitHub\001STM32_WS2812B\WS2812Bv1.0\EWARM\WS2812Bv1.0\Obj\main.o
#        E:\Users\bertz\Documents\GitHub\001STM32_WS2812B\WS2812Bv1.0\EWARM\WS2812Bv1.0\Obj\startup_stm32f103xb.o
#        E:\Users\bertz\Documents\GitHub\001STM32_WS2812B\WS2812Bv1.0\EWARM\WS2812Bv1.0\Obj\stm32f1xx_hal.o
#        E:\Users\bertz\Documents\GitHub\001STM32_WS2812B\WS2812Bv1.0\EWARM\WS2812Bv1.0\Obj\stm32f1xx_hal_cortex.o
#        E:\Users\bertz\Documents\GitHub\001STM32_WS2812B\WS2812Bv1.0\EWARM\WS2812Bv1.0\Obj\stm32f1xx_hal_dma.o
#        E:\Users\bertz\Documents\GitHub\001STM32_WS2812B\WS2812Bv1.0\EWARM\WS2812Bv1.0\Obj\stm32f1xx_hal_flash.o
#        E:\Users\bertz\Documents\GitHub\001STM32_WS2812B\WS2812Bv1.0\EWARM\WS2812Bv1.0\Obj\stm32f1xx_hal_flash_ex.o
#        E:\Users\bertz\Documents\GitHub\001STM32_WS2812B\WS2812Bv1.0\EWARM\WS2812Bv1.0\Obj\stm32f1xx_hal_gpio.o
#        E:\Users\bertz\Documents\GitHub\001STM32_WS2812B\WS2812Bv1.0\EWARM\WS2812Bv1.0\Obj\stm32f1xx_hal_gpio_ex.o
#        E:\Users\bertz\Documents\GitHub\001STM32_WS2812B\WS2812Bv1.0\EWARM\WS2812Bv1.0\Obj\stm32f1xx_hal_msp.o
#        E:\Users\bertz\Documents\GitHub\001STM32_WS2812B\WS2812Bv1.0\EWARM\WS2812Bv1.0\Obj\stm32f1xx_hal_pwr.o
#        E:\Users\bertz\Documents\GitHub\001STM32_WS2812B\WS2812Bv1.0\EWARM\WS2812Bv1.0\Obj\stm32f1xx_hal_rcc.o
#        E:\Users\bertz\Documents\GitHub\001STM32_WS2812B\WS2812Bv1.0\EWARM\WS2812Bv1.0\Obj\stm32f1xx_hal_rcc_ex.o
#        E:\Users\bertz\Documents\GitHub\001STM32_WS2812B\WS2812Bv1.0\EWARM\WS2812Bv1.0\Obj\stm32f1xx_hal_tim.o
#        E:\Users\bertz\Documents\GitHub\001STM32_WS2812B\WS2812Bv1.0\EWARM\WS2812Bv1.0\Obj\stm32f1xx_hal_tim_ex.o
#        E:\Users\bertz\Documents\GitHub\001STM32_WS2812B\WS2812Bv1.0\EWARM\WS2812Bv1.0\Obj\stm32f1xx_hal_uart.o
#        E:\Users\bertz\Documents\GitHub\001STM32_WS2812B\WS2812Bv1.0\EWARM\WS2812Bv1.0\Obj\stm32f1xx_it.o
#        E:\Users\bertz\Documents\GitHub\001STM32_WS2812B\WS2812Bv1.0\EWARM\WS2812Bv1.0\Obj\system_stm32f1xx.o
#        E:\Users\bertz\Documents\GitHub\001STM32_WS2812B\WS2812Bv1.0\EWARM\WS2812Bv1.0\Obj\tim.o
#        E:\Users\bertz\Documents\GitHub\001STM32_WS2812B\WS2812Bv1.0\EWARM\WS2812Bv1.0\Obj\usart.o
#        --redirect _Printf=_PrintfFull --redirect _Scanf=_ScanfFull -o
#        E:\Users\bertz\Documents\GitHub\001STM32_WS2812B\WS2812Bv1.0\EWARM\WS2812Bv1.0\Exe\WS2812Bv1.0.out
#        --map
#        E:\Users\bertz\Documents\GitHub\001STM32_WS2812B\WS2812Bv1.0\EWARM\WS2812Bv1.0\List\WS2812Bv1.0.map
#        --config
#        E:\Users\bertz\Documents\GitHub\001STM32_WS2812B\WS2812Bv1.0\EWARM/stm32f103xb_flash.icf
#        --semihosting --entry __iar_program_start --vfe --text_out locale)
#
###############################################################################

*******************************************************************************
*** RUNTIME MODEL ATTRIBUTES
***

CppFlavor       = *
__SystemLibrary = DLib
__dlib_version  = 6


*******************************************************************************
*** HEAP SELECTION
***

The basic heap was selected because no calls to memory allocation
functions were found in the application outside of system library
functions, and there are calls to deallocation functions in the
application.


*******************************************************************************
*** PLACEMENT SUMMARY
***

"A0":  place at 0x08000000 { ro section .intvec };
"P1":  place in [from 0x08000000 to 0x0801ffff] { ro };
define block CSTACK with size = 1K, alignment = 8 { };
define block HEAP with size = 512, alignment = 8 { };
"P2":  place in [from 0x20000000 to 0x20004fff] {
          rw, block CSTACK, block HEAP };
initialize by copy { rw };

  Section            Kind        Address    Size  Object
  -------            ----        -------    ----  ------
"A0":                                       0xec
  .intvec            ro code  0x08000000    0xec  startup_stm32f103xb.o [1]
                            - 0x080000ec    0xec

"P1":                                     0x1b90
  .text              ro code  0x080000ec   0x4e2  stm32f1xx_hal_rcc.o [1]
  .text              ro code  0x080005d0     0xc  stm32f1xx_hal.o [1]
  .text              ro code  0x080005dc    0x40  stm32f1xx_hal.o [1]
  .text              ro code  0x0800061c    0xe6  stm32f1xx_hal_cortex.o [1]
  .text              ro code  0x08000704   0x4ae  bsp_ws2812b.o [1]
  .text              ro code  0x08000bb4     0x6  ABImemclr.o [4]
  .text              ro code  0x08000bbc    0x5e  ABImemset.o [4]
  .text              ro code  0x08000c1c   0x380  stm32f1xx_hal_uart.o [1]
  .text              ro code  0x08000f9c    0xe4  usart.o [1]
  .text              ro code  0x08001080    0xb8  stm32f1xx_hal_dma.o [1]
  .text              ro code  0x08001138     0x2  stm32f1xx_hal_uart.o [1]
  .text              ro code  0x0800113a     0x2  stm32f1xx_hal_uart.o [1]
  .text              ro code  0x0800113c     0x2  stm32f1xx_hal_uart.o [1]
  .text              ro code  0x08001140   0x11e  main.o [1]
  .text              ro code  0x08001260   0x1d8  stm32f1xx_hal_gpio.o [1]
  .text              ro code  0x08001438    0x24  stm32f1xx_hal.o [1]
  .text              ro code  0x0800145c    0x98  gpio.o [1]
  .text              ro code  0x080014f4    0xe0  tim.o [1]
  .text              ro code  0x080015d4   0x350  stm32f1xx_hal_tim.o [1]
  .text              ro code  0x08001924    0x88  stm32f1xx_hal_msp.o [1]
  .text              ro code  0x080019ac    0x4a  stm32f1xx_hal_tim_ex.o [1]
  .text              ro code  0x080019f6     0x2  stm32f1xx_hal_tim.o [1]
  .text              ro code  0x080019f8     0x2  stm32f1xx_hal_tim.o [1]
  .text              ro code  0x080019fa     0x2  stm32f1xx_hal_tim_ex.o [1]
  .text              ro code  0x080019fc     0x2  stm32f1xx_hal_tim.o [1]
  .text              ro code  0x080019fe     0x2  stm32f1xx_hal_tim_ex.o [1]
  .text              ro code  0x08001a00     0x2  stm32f1xx_hal_tim.o [1]
  .text              ro code  0x08001a04    0x5c  system_stm32f1xx.o [1]
  .text              ro code  0x08001a60    0x40  zero_init3.o [4]
  .text              ro code  0x08001aa0    0x38  stm32f1xx_it.o [1]
  .text              ro code  0x08001ad8    0x10  stm32f1xx_hal.o [1]
  .text              ro code  0x08001ae8    0x2c  copy_init3.o [4]
  .text              ro code  0x08001b14    0x28  data_init.o [4]
  .iar.init_table    const    0x08001b3c    0x24  - Linker created -
  .text              ro code  0x08001b60    0x1e  cmain.o [4]
  .text              ro code  0x08001b7e     0x4  low_level_init.o [3]
  .text              ro code  0x08001b82     0x4  exit.o [3]
  .text              ro code  0x08001b88     0xa  cexit.o [4]
  .text              ro code  0x08001b94    0x14  exit.o [5]
  .text              ro code  0x08001ba8    0x10  startup_stm32f103xb.o [1]
  Initializer bytes  const    0x08001bb8    0x10  <for P2-1>
  .text              ro code  0x08001bc8     0xc  cstartup_M.o [4]
  .rodata            const    0x08001bd4     0x8  system_stm32f1xx.o [1]
  .text              ro code  0x08001bdc     0x4  startup_stm32f103xb.o [1]
  .text              ro code  0x08001be0     0x4  startup_stm32f103xb.o [1]
  .text              ro code  0x08001be4     0x4  startup_stm32f103xb.o [1]
  .text              ro code  0x08001be8     0x4  startup_stm32f103xb.o [1]
  .text              ro code  0x08001bec     0x4  startup_stm32f103xb.o [1]
  .text              ro code  0x08001bf0     0x4  startup_stm32f103xb.o [1]
  .text              ro code  0x08001bf4     0x4  startup_stm32f103xb.o [1]
  .text              ro code  0x08001bf8     0x4  startup_stm32f103xb.o [1]
  .text              ro code  0x08001bfc     0x4  startup_stm32f103xb.o [1]
  .text              ro code  0x08001c00     0x4  startup_stm32f103xb.o [1]
  .text              ro code  0x08001c04     0x4  startup_stm32f103xb.o [1]
  .text              ro code  0x08001c08     0x4  startup_stm32f103xb.o [1]
  .text              ro code  0x08001c0c     0x4  startup_stm32f103xb.o [1]
  .text              ro code  0x08001c10     0x4  startup_stm32f103xb.o [1]
  .text              ro code  0x08001c14     0x4  startup_stm32f103xb.o [1]
  .text              ro code  0x08001c18     0x4  startup_stm32f103xb.o [1]
  .text              ro code  0x08001c1c     0x4  startup_stm32f103xb.o [1]
  .text              ro code  0x08001c20     0x4  startup_stm32f103xb.o [1]
  .text              ro code  0x08001c24     0x4  startup_stm32f103xb.o [1]
  .text              ro code  0x08001c28     0x4  startup_stm32f103xb.o [1]
  .text              ro code  0x08001c2c     0x4  startup_stm32f103xb.o [1]
  .text              ro code  0x08001c30     0x4  startup_stm32f103xb.o [1]
  .text              ro code  0x08001c34     0x4  startup_stm32f103xb.o [1]
  .text              ro code  0x08001c38     0x4  startup_stm32f103xb.o [1]
  .text              ro code  0x08001c3c     0x4  startup_stm32f103xb.o [1]
  .text              ro code  0x08001c40     0x4  startup_stm32f103xb.o [1]
  .text              ro code  0x08001c44     0x4  startup_stm32f103xb.o [1]
  .text              ro code  0x08001c48     0x4  startup_stm32f103xb.o [1]
  .text              ro code  0x08001c4c     0x4  startup_stm32f103xb.o [1]
  .text              ro code  0x08001c50     0x4  startup_stm32f103xb.o [1]
  .text              ro code  0x08001c54     0x4  startup_stm32f103xb.o [1]
  .text              ro code  0x08001c58     0x4  startup_stm32f103xb.o [1]
  .text              ro code  0x08001c5c     0x4  startup_stm32f103xb.o [1]
  .text              ro code  0x08001c60     0x4  startup_stm32f103xb.o [1]
  .text              ro code  0x08001c64     0x4  startup_stm32f103xb.o [1]
  .text              ro code  0x08001c68     0x4  startup_stm32f103xb.o [1]
  .text              ro code  0x08001c6c     0x4  startup_stm32f103xb.o [1]
  .text              ro code  0x08001c70     0x4  startup_stm32f103xb.o [1]
  .text              ro code  0x08001c74     0x4  startup_stm32f103xb.o [1]
  .text              ro code  0x08001c78     0x4  startup_stm32f103xb.o [1]
  .rodata            const    0x08001c7c     0x0  zero_init3.o [4]
  .rodata            const    0x08001c7c     0x0  copy_init3.o [4]
                            - 0x08001c7c  0x1b90

"P2", part 1 of 3:                          0x10
  P2-1                        0x20000000    0x10  <Init block>
    .data            inited   0x20000000     0xc  stm32f1xx_hal.o [1]
    .data            inited   0x2000000c     0x4  system_stm32f1xx.o [1]
                            - 0x20000010    0x10

"P2", part 2 of 3:                          0xf4
  .bss               zero     0x20000010    0x70  main.o [1]
  .bss               zero     0x20000080    0x40  tim.o [1]
  .bss               zero     0x200000c0    0x40  usart.o [1]
  .bss               zero     0x20000100     0x4  bsp_ws2812b.o [1]
                            - 0x20000104    0xf4

"P2", part 3 of 3:                         0x400
  CSTACK                      0x20000108   0x400  <Block>
    CSTACK           uninit   0x20000108   0x400  <Block tail>
                            - 0x20000508   0x400


*******************************************************************************
*** INIT TABLE
***

          Address     Size
          -------     ----
Zero (__iar_zero_init3)
    1 destination range, total size 0xf4:
          0x20000010  0xf4

Copy (__iar_copy_init3)
    1 source range, total size 0x10:
          0x08001bb8  0x10
    1 destination range, total size 0x10:
          0x20000000  0x10



*******************************************************************************
*** MODULE SUMMARY
***

    Module                  ro code  ro data  rw data
    ------                  -------  -------  -------
E:\Users\bertz\Documents\GitHub\001STM32_WS2812B\WS2812Bv1.0\EWARM\WS2812Bv1.0\Obj: [1]
    bsp_ws2812b.o             1 198                 4
    gpio.o                      152
    main.o                      286               112
    startup_stm32f103xb.o       412
    stm32f1xx_hal.o             128       12       12
    stm32f1xx_hal_cortex.o      230
    stm32f1xx_hal_dma.o         184
    stm32f1xx_hal_gpio.o        472
    stm32f1xx_hal_msp.o         136
    stm32f1xx_hal_rcc.o       1 250
    stm32f1xx_hal_tim.o         856
    stm32f1xx_hal_tim_ex.o       78
    stm32f1xx_hal_uart.o        902
    stm32f1xx_it.o               56
    system_stm32f1xx.o           92       12        4
    tim.o                       224                64
    usart.o                     228                64
    -------------------------------------------------
    Total:                    6 884       24      260

command line: [2]
    -------------------------------------------------
    Total:

dl7M_tlf.a: [3]
    exit.o                        4
    low_level_init.o              4
    -------------------------------------------------
    Total:                        8

rt7M_tl.a: [4]
    ABImemclr.o                   6
    ABImemset.o                  94
    cexit.o                      10
    cmain.o                      30
    copy_init3.o                 44
    cstartup_M.o                 12
    data_init.o                  40
    zero_init3.o                 64
    -------------------------------------------------
    Total:                      300

shb_l.a: [5]
    exit.o                       20
    -------------------------------------------------
    Total:                       20

    Gaps                         20
    Linker created                        36    1 024
-----------------------------------------------------
    Grand Total:              7 232       60    1 284


*******************************************************************************
*** ENTRY LIST
***

Entry                      Address   Size  Type      Object
-----                      -------   ----  ----      ------
.iar.init_table$$Base   0x08001b3c          --   Gb  - Linker created -
.iar.init_table$$Limit  0x08001b60          --   Gb  - Linker created -
?main                   0x08001b61         Code  Gb  cmain.o [4]
AHBPrescTable           0x08001a50   0x10  Data  Gb  system_stm32f1xx.o [1]
APBPrescTable           0x08001bd4    0x8  Data  Gb  system_stm32f1xx.o [1]
BusFault_Handler        0x08001aa7    0x2  Code  Gb  stm32f1xx_it.o [1]
CSTACK$$Base            0x20000108          --   Gb  - Linker created -
CSTACK$$Limit           0x20000508          --   Gb  - Linker created -
DebugMon_Handler        0x08001aad    0x2  Code  Gb  stm32f1xx_it.o [1]
EXTI9_5_IRQHandler      0x08001abf    0x6  Code  Gb  stm32f1xx_it.o [1]
HAL_DMA_Abort_IT        0x08001081   0x9a  Code  Gb  stm32f1xx_hal_dma.o [1]
HAL_GPIO_EXTI_Callback  0x0800123b   0x1a  Code  Gb  main.o [1]
HAL_GPIO_EXTI_IRQHandler
                        0x080013ef   0x10  Code  Gb  stm32f1xx_hal_gpio.o [1]
HAL_GPIO_Init           0x08001261  0x182  Code  Gb  stm32f1xx_hal_gpio.o [1]
HAL_GPIO_WritePin       0x080013e3    0xc  Code  Gb  stm32f1xx_hal_gpio.o [1]
HAL_GetTick             0x080005d1    0xc  Code  Wk  stm32f1xx_hal.o [1]
HAL_IncTick             0x08001ad9   0x10  Code  Wk  stm32f1xx_hal.o [1]
HAL_Init                0x08001439   0x20  Code  Gb  stm32f1xx_hal.o [1]
HAL_InitTick            0x080005dd   0x40  Code  Wk  stm32f1xx_hal.o [1]
HAL_MspInit             0x08001925   0x88  Code  Gb  stm32f1xx_hal_msp.o [1]
HAL_NVIC_EnableIRQ      0x0800068f    0xa  Code  Gb  stm32f1xx_hal_cortex.o [1]
HAL_NVIC_SetPriority    0x08000655   0x3a  Code  Gb  stm32f1xx_hal_cortex.o [1]
HAL_NVIC_SetPriorityGrouping
                        0x0800063b   0x1a  Code  Gb  stm32f1xx_hal_cortex.o [1]
HAL_RCC_ClockConfig     0x08000409  0x10c  Code  Gb  stm32f1xx_hal_rcc.o [1]
HAL_RCC_GetHCLKFreq     0x08000565    0x6  Code  Gb  stm32f1xx_hal_rcc.o [1]
HAL_RCC_GetPCLK1Freq    0x0800056b   0x10  Code  Gb  stm32f1xx_hal_rcc.o [1]
HAL_RCC_GetPCLK2Freq    0x0800057b    0xe  Code  Gb  stm32f1xx_hal_rcc.o [1]
HAL_RCC_GetSysClockFreq
                        0x08000529   0x3c  Code  Gb  stm32f1xx_hal_rcc.o [1]
HAL_RCC_GetSysClockFreq::aPLLMULFactorTable
                        0x080005bc   0x10  Data  Lc  stm32f1xx_hal_rcc.o [1]
HAL_RCC_GetSysClockFreq::aPredivFactorTable
                        0x080005cc    0x2  Data  Lc  stm32f1xx_hal_rcc.o [1]
HAL_RCC_OscConfig       0x080000ed  0x314  Code  Gb  stm32f1xx_hal_rcc.o [1]
HAL_SYSTICK_CLKSourceConfig
                        0x080006cb   0x1a  Code  Gb  stm32f1xx_hal_cortex.o [1]
HAL_SYSTICK_Config      0x080006a3   0x28  Code  Gb  stm32f1xx_hal_cortex.o [1]
HAL_SYSTICK_IRQHandler  0x080006fd    0x4  Code  Gb  stm32f1xx_hal_cortex.o [1]
HAL_TIMEx_BreakCallback
                        0x080019fb    0x2  Code  Wk  stm32f1xx_hal_tim_ex.o [1]
HAL_TIMEx_CommutationCallback
                        0x080019ff    0x2  Code  Wk  stm32f1xx_hal_tim_ex.o [1]
HAL_TIMEx_MasterConfigSynchronization
                        0x080019ad   0x4a  Code  Gb  stm32f1xx_hal_tim_ex.o [1]
HAL_TIM_Base_Init       0x080015d5   0x1a  Code  Gb  stm32f1xx_hal_tim.o [1]
HAL_TIM_Base_MspInit    0x0800155d   0x22  Code  Gb  tim.o [1]
HAL_TIM_Base_Start_IT   0x080015ef   0x16  Code  Gb  stm32f1xx_hal_tim.o [1]
HAL_TIM_ConfigClockSource
                        0x08001771   0xac  Code  Gb  stm32f1xx_hal_tim.o [1]
HAL_TIM_IRQHandler      0x08001629  0x142  Code  Gb  stm32f1xx_hal_tim.o [1]
HAL_TIM_PeriodElapsedCallback
                        0x08001229   0x12  Code  Gb  main.o [1]
HAL_UART_IRQHandler     0x08000ca1  0x152  Code  Gb  stm32f1xx_hal_uart.o [1]
HAL_UART_Init           0x08000c1d   0x1e  Code  Gb  stm32f1xx_hal_uart.o [1]
HAL_UART_MspInit        0x08000fd1   0x52  Code  Gb  usart.o [1]
HardFault_Handler       0x08001aa3    0x2  Code  Gb  stm32f1xx_it.o [1]
MX_GPIO_Init            0x0800145d   0x98  Code  Gb  gpio.o [1]
MX_TIM3_Init            0x080014f5   0x68  Code  Gb  tim.o [1]
MX_USART1_UART_Init     0x08000f9d   0x34  Code  Gb  usart.o [1]
MemManage_Handler       0x08001aa5    0x2  Code  Gb  stm32f1xx_it.o [1]
NMI_Handler             0x08001aa1    0x2  Code  Gb  stm32f1xx_it.o [1]
NVIC_SetPriority        0x0800061d   0x1e  Code  Lc  stm32f1xx_hal_cortex.o [1]
PendSV_Handler          0x08001aaf    0x2  Code  Gb  stm32f1xx_it.o [1]
Region$$Table$$Base     0x08001b3c          --   Gb  - Linker created -
Region$$Table$$Limit    0x08001b60          --   Gb  - Linker created -
SVC_Handler             0x08001aab    0x2  Code  Gb  stm32f1xx_it.o [1]
SysTick_Handler         0x08001ab1    0xe  Code  Gb  stm32f1xx_it.o [1]
SystemClock_Config      0x080011b7   0x72  Code  Gb  main.o [1]
SystemCoreClock         0x2000000c    0x4  Data  Gb  system_stm32f1xx.o [1]
SystemInit              0x08001a05   0x3a  Code  Gb  system_stm32f1xx.o [1]
TIM3_IRQHandler         0x08001ac5    0x6  Code  Gb  stm32f1xx_it.o [1]
TIM_Base_SetConfig      0x08001847   0x5e  Code  Gb  stm32f1xx_hal_tim.o [1]
TIM_ETR_SetConfig       0x0800190b   0x14  Code  Lc  stm32f1xx_hal_tim.o [1]
TIM_ITRx_SetConfig      0x080018fb   0x10  Code  Lc  stm32f1xx_hal_tim.o [1]
TIM_TI1_ConfigInputStage
                        0x080018b9   0x1e  Code  Lc  stm32f1xx_hal_tim.o [1]
TIM_TI2_ConfigInputStage
                        0x080018d7   0x24  Code  Lc  stm32f1xx_hal_tim.o [1]
UART_DMAAbortOnError    0x08000e11    0xc  Code  Lc  stm32f1xx_hal_uart.o [1]
UART_EndRxTransfer      0x08000df3   0x1c  Code  Lc  stm32f1xx_hal_uart.o [1]
UART_Receive_IT         0x08000e1d   0x96  Code  Lc  stm32f1xx_hal_uart.o [1]
UART_SetConfig          0x08000eb3   0xde  Code  Lc  stm32f1xx_hal_uart.o [1]
USART1_IRQHandler       0x08001acb    0x6  Code  Gb  stm32f1xx_it.o [1]
UsageFault_Handler      0x08001aa9    0x2  Code  Gb  stm32f1xx_it.o [1]
_Error_Handler          0x0800125d    0x2  Code  Gb  main.o [1]
__aeabi_memclr          0x08000bb5         Code  Gb  ABImemclr.o [4]
__cmain                 0x08001b61         Code  Gb  cmain.o [4]
__exit                  0x08001b95   0x14  Code  Gb  exit.o [5]
__iar_Memset_word       0x08000bbd         Code  Gb  ABImemset.o [4]
__iar_copy_init3        0x08001ae9   0x2c  Code  Gb  copy_init3.o [4]
__iar_data_init3        0x08001b15   0x28  Code  Gb  data_init.o [4]
__iar_program_start     0x08001bc9         Code  Gb  cstartup_M.o [4]
__iar_systems$$module {Abs}
                        0x00000001         Data  Gb  command line/config [2]
__iar_zero_init3        0x08001a61   0x40  Code  Gb  zero_init3.o [4]
__low_level_init        0x08001b7f    0x4  Code  Gb  low_level_init.o [3]
__vector_table          0x08000000         Data  Gb  startup_stm32f103xb.o [1]
_call_main              0x08001b6d         Code  Gb  cmain.o [4]
_exit                   0x08001b89         Code  Gb  cexit.o [4]
_main                   0x08001b7b         Code  Gb  cmain.o [4]
bsp_ws2812bFlashModeFour
                        0x08000ad7   0x86  Code  Gb  bsp_ws2812b.o [1]
bsp_ws2812bFlashModeOne
                        0x080007ed   0xc4  Code  Gb  bsp_ws2812b.o [1]
bsp_ws2812bFlashModeThree
                        0x08000a51   0x86  Code  Gb  bsp_ws2812b.o [1]
bsp_ws2812bFlashModeTwo
                        0x080008b9  0x190  Code  Gb  bsp_ws2812b.o [1]
bsp_ws2812bSendArryDataToLeft
                        0x0800078b   0x56  Code  Gb  bsp_ws2812b.o [1]
bsp_ws2812bSendArryDataToRight
                        0x08000735   0x56  Code  Gb  bsp_ws2812b.o [1]
delay250ns              0x08000731    0x4  Code  Gb  bsp_ws2812b.o [1]
delay400ns              0x08000725    0xc  Code  Gb  bsp_ws2812b.o [1]
delay600ns              0x08000705    0xc  Code  Gb  bsp_ws2812b.o [1]
delay850ns              0x08000711   0x14  Code  Gb  bsp_ws2812b.o [1]
exit                    0x08001b83    0x4  Code  Gb  exit.o [3]
gDisplayedFlag          0x20000012    0x1  Data  Gb  main.o [1]
gModeChangeFlag         0x20000010    0x1  Data  Gb  main.o [1]
gModeCode               0x20000011    0x1  Data  Gb  main.o [1]
gTimer3CntFlag          0x20000013    0x1  Data  Gb  main.o [1]
htim3                   0x20000080   0x40  Data  Gb  tim.o [1]
huart1                  0x200000c0   0x40  Data  Gb  usart.o [1]
i                       0x20000100    0x1  Data  Lc  bsp_ws2812b.o [1]
j                       0x20000101    0x1  Data  Lc  bsp_ws2812b.o [1]
k                       0x20000102    0x1  Data  Lc  bsp_ws2812b.o [1]
leds                    0x20000014   0x6c  Data  Gb  main.o [1]
main                    0x08001141   0x76  Code  Gb  main.o [1]
p                       0x20000103    0x1  Data  Lc  bsp_ws2812b.o [1]
uwTick                  0x20000004    0x4  Data  Gb  stm32f1xx_hal.o [1]
uwTickFreq              0x20000000    0x1  Data  Gb  stm32f1xx_hal.o [1]
uwTickPrio              0x20000008    0x4  Data  Gb  stm32f1xx_hal.o [1]


[1] = E:\Users\bertz\Documents\GitHub\001STM32_WS2812B\WS2812Bv1.0\EWARM\WS2812Bv1.0\Obj
[2] = command line
[3] = dl7M_tlf.a
[4] = rt7M_tl.a
[5] = shb_l.a

  7 232 bytes of readonly  code memory
     60 bytes of readonly  data memory
  1 284 bytes of readwrite data memory

Errors: none
Warnings: none
