###############################################################################
#
# IAR ELF Linker V8.20.2.14835/W32 for ARM                09/Apr/2018  23:22:25
# Copyright 2007-2017 IAR Systems AB.
#
#    Output file  =  
#        C:\Users\Zgeny\Desktop\001STM32_WS2812B\WS2812Bv1.0\EWARM\WS2812Bv1.0\Exe\WS2812Bv1.0.out
#    Map file     =  
#        C:\Users\Zgeny\Desktop\001STM32_WS2812B\WS2812Bv1.0\EWARM\WS2812Bv1.0\List\WS2812Bv1.0.map
#    Command line =  
#        -f C:\Users\Zgeny\AppData\Local\Temp\EWD189.tmp
#        (C:\Users\Zgeny\Desktop\001STM32_WS2812B\WS2812Bv1.0\EWARM\WS2812Bv1.0\Obj\bsp_ws2812b.o
#        C:\Users\Zgeny\Desktop\001STM32_WS2812B\WS2812Bv1.0\EWARM\WS2812Bv1.0\Obj\gpio.o
#        C:\Users\Zgeny\Desktop\001STM32_WS2812B\WS2812Bv1.0\EWARM\WS2812Bv1.0\Obj\main.o
#        C:\Users\Zgeny\Desktop\001STM32_WS2812B\WS2812Bv1.0\EWARM\WS2812Bv1.0\Obj\startup_stm32f103xb.o
#        C:\Users\Zgeny\Desktop\001STM32_WS2812B\WS2812Bv1.0\EWARM\WS2812Bv1.0\Obj\stm32f1xx_hal.o
#        C:\Users\Zgeny\Desktop\001STM32_WS2812B\WS2812Bv1.0\EWARM\WS2812Bv1.0\Obj\stm32f1xx_hal_cortex.o
#        C:\Users\Zgeny\Desktop\001STM32_WS2812B\WS2812Bv1.0\EWARM\WS2812Bv1.0\Obj\stm32f1xx_hal_dma.o
#        C:\Users\Zgeny\Desktop\001STM32_WS2812B\WS2812Bv1.0\EWARM\WS2812Bv1.0\Obj\stm32f1xx_hal_flash.o
#        C:\Users\Zgeny\Desktop\001STM32_WS2812B\WS2812Bv1.0\EWARM\WS2812Bv1.0\Obj\stm32f1xx_hal_flash_ex.o
#        C:\Users\Zgeny\Desktop\001STM32_WS2812B\WS2812Bv1.0\EWARM\WS2812Bv1.0\Obj\stm32f1xx_hal_gpio.o
#        C:\Users\Zgeny\Desktop\001STM32_WS2812B\WS2812Bv1.0\EWARM\WS2812Bv1.0\Obj\stm32f1xx_hal_gpio_ex.o
#        C:\Users\Zgeny\Desktop\001STM32_WS2812B\WS2812Bv1.0\EWARM\WS2812Bv1.0\Obj\stm32f1xx_hal_msp.o
#        C:\Users\Zgeny\Desktop\001STM32_WS2812B\WS2812Bv1.0\EWARM\WS2812Bv1.0\Obj\stm32f1xx_hal_pwr.o
#        C:\Users\Zgeny\Desktop\001STM32_WS2812B\WS2812Bv1.0\EWARM\WS2812Bv1.0\Obj\stm32f1xx_hal_rcc.o
#        C:\Users\Zgeny\Desktop\001STM32_WS2812B\WS2812Bv1.0\EWARM\WS2812Bv1.0\Obj\stm32f1xx_hal_rcc_ex.o
#        C:\Users\Zgeny\Desktop\001STM32_WS2812B\WS2812Bv1.0\EWARM\WS2812Bv1.0\Obj\stm32f1xx_hal_tim.o
#        C:\Users\Zgeny\Desktop\001STM32_WS2812B\WS2812Bv1.0\EWARM\WS2812Bv1.0\Obj\stm32f1xx_hal_tim_ex.o
#        C:\Users\Zgeny\Desktop\001STM32_WS2812B\WS2812Bv1.0\EWARM\WS2812Bv1.0\Obj\stm32f1xx_hal_uart.o
#        C:\Users\Zgeny\Desktop\001STM32_WS2812B\WS2812Bv1.0\EWARM\WS2812Bv1.0\Obj\stm32f1xx_it.o
#        C:\Users\Zgeny\Desktop\001STM32_WS2812B\WS2812Bv1.0\EWARM\WS2812Bv1.0\Obj\system_stm32f1xx.o
#        C:\Users\Zgeny\Desktop\001STM32_WS2812B\WS2812Bv1.0\EWARM\WS2812Bv1.0\Obj\tim.o
#        C:\Users\Zgeny\Desktop\001STM32_WS2812B\WS2812Bv1.0\EWARM\WS2812Bv1.0\Obj\usart.o
#        --redirect _Printf=_PrintfFull --redirect _Scanf=_ScanfFull -o
#        C:\Users\Zgeny\Desktop\001STM32_WS2812B\WS2812Bv1.0\EWARM\WS2812Bv1.0\Exe\WS2812Bv1.0.out
#        --map
#        C:\Users\Zgeny\Desktop\001STM32_WS2812B\WS2812Bv1.0\EWARM\WS2812Bv1.0\List\WS2812Bv1.0.map
#        --config
#        C:\Users\Zgeny\Desktop\001STM32_WS2812B\WS2812Bv1.0\EWARM/stm32f103xb_flash.icf
#        --semihosting --entry __iar_program_start --vfe --text_out locale)
#
###############################################################################

*******************************************************************************
*** RUNTIME MODEL ATTRIBUTES
***

CppFlavor       = *
__SystemLibrary = DLib
__dlib_version  = 6


*******************************************************************************
*** HEAP SELECTION
***

The basic heap was selected because no calls to memory allocation
functions were found in the application outside of system library
functions, and there are calls to deallocation functions in the
application.


*******************************************************************************
*** PLACEMENT SUMMARY
***

"A0":  place at 0x08000000 { ro section .intvec };
"P1":  place in [from 0x08000000 to 0x0801ffff] { ro };
define block CSTACK with size = 1K, alignment = 8 { };
define block HEAP with size = 512, alignment = 8 { };
"P2":  place in [from 0x20000000 to 0x20004fff] {
          rw, block CSTACK, block HEAP };
initialize by copy { rw };

  Section            Kind        Address    Size  Object
  -------            ----        -------    ----  ------
"A0":                                       0xec
  .intvec            ro code  0x08000000    0xec  startup_stm32f103xb.o [1]
                            - 0x080000ec    0xec

"P1":                                     0x16fc
  .text              ro code  0x080000ec   0x4e2  stm32f1xx_hal_rcc.o [1]
  .text              ro code  0x080005d0     0xc  stm32f1xx_hal.o [1]
  .text              ro code  0x080005dc    0x40  stm32f1xx_hal.o [1]
  .text              ro code  0x0800061c    0xe6  stm32f1xx_hal_cortex.o [1]
  .text              ro code  0x08000704   0x380  stm32f1xx_hal_uart.o [1]
  .text              ro code  0x08000a84    0xd8  usart.o [1]
  .text              ro code  0x08000b5c    0xb8  stm32f1xx_hal_dma.o [1]
  .text              ro code  0x08000c14     0x2  stm32f1xx_hal_uart.o [1]
  .text              ro code  0x08000c16     0x2  stm32f1xx_hal_uart.o [1]
  .text              ro code  0x08000c18     0x2  stm32f1xx_hal_uart.o [1]
  .text              ro code  0x08000c1c    0xcc  main.o [1]
  .text              ro code  0x08000ce8   0x1c4  stm32f1xx_hal_gpio.o [1]
  .text              ro code  0x08000eac    0x24  stm32f1xx_hal.o [1]
  .text              ro code  0x08000ed0    0x88  gpio.o [1]
  .text              ro code  0x08000f58    0xd4  tim.o [1]
  .text              ro code  0x0800102c    0xf4  bsp_ws2812b.o [1]
  .text              ro code  0x08001120    0x28  stm32f1xx_hal.o [1]
  .text              ro code  0x08001148    0x88  stm32f1xx_hal_msp.o [1]
  .text              ro code  0x080011d0   0x33c  stm32f1xx_hal_tim.o [1]
  .text              ro code  0x0800150c    0x4a  stm32f1xx_hal_tim_ex.o [1]
  .text              ro code  0x08001556     0x2  stm32f1xx_hal_tim.o [1]
  .text              ro code  0x08001558     0x2  stm32f1xx_hal_tim.o [1]
  .text              ro code  0x0800155a     0x2  stm32f1xx_hal_tim.o [1]
  .text              ro code  0x0800155c     0x2  stm32f1xx_hal_tim_ex.o [1]
  .text              ro code  0x0800155e     0x2  stm32f1xx_hal_tim.o [1]
  .text              ro code  0x08001560     0x2  stm32f1xx_hal_tim_ex.o [1]
  .text              ro code  0x08001562     0x2  stm32f1xx_hal_tim.o [1]
  .text              ro code  0x08001564    0x5c  system_stm32f1xx.o [1]
  .text              ro code  0x080015c0    0x40  zero_init3.o [4]
  .text              ro code  0x08001600    0x34  stm32f1xx_it.o [1]
  .text              ro code  0x08001634    0x10  stm32f1xx_hal.o [1]
  .text              ro code  0x08001644    0x2c  copy_init3.o [4]
  .text              ro code  0x08001670    0x28  data_init.o [4]
  .iar.init_table    const    0x08001698    0x24  - Linker created -
  .text              ro code  0x080016bc    0x1e  cmain.o [4]
  .text              ro code  0x080016da     0x4  low_level_init.o [3]
  .text              ro code  0x080016de     0x4  exit.o [3]
  .text              ro code  0x080016e4     0xa  cexit.o [4]
  .text              ro code  0x080016f0    0x14  exit.o [5]
  Initializer bytes  const    0x08001704    0x1c  <for P2-1>
  .text              ro code  0x08001720    0x10  startup_stm32f103xb.o [1]
  .text              ro code  0x08001730     0xc  cstartup_M.o [4]
  .rodata            const    0x0800173c     0x8  system_stm32f1xx.o [1]
  .text              ro code  0x08001744     0x4  startup_stm32f103xb.o [1]
  .text              ro code  0x08001748     0x4  startup_stm32f103xb.o [1]
  .text              ro code  0x0800174c     0x4  startup_stm32f103xb.o [1]
  .text              ro code  0x08001750     0x4  startup_stm32f103xb.o [1]
  .text              ro code  0x08001754     0x4  startup_stm32f103xb.o [1]
  .text              ro code  0x08001758     0x4  startup_stm32f103xb.o [1]
  .text              ro code  0x0800175c     0x4  startup_stm32f103xb.o [1]
  .text              ro code  0x08001760     0x4  startup_stm32f103xb.o [1]
  .text              ro code  0x08001764     0x4  startup_stm32f103xb.o [1]
  .text              ro code  0x08001768     0x4  startup_stm32f103xb.o [1]
  .text              ro code  0x0800176c     0x4  startup_stm32f103xb.o [1]
  .text              ro code  0x08001770     0x4  startup_stm32f103xb.o [1]
  .text              ro code  0x08001774     0x4  startup_stm32f103xb.o [1]
  .text              ro code  0x08001778     0x4  startup_stm32f103xb.o [1]
  .text              ro code  0x0800177c     0x4  startup_stm32f103xb.o [1]
  .text              ro code  0x08001780     0x4  startup_stm32f103xb.o [1]
  .text              ro code  0x08001784     0x4  startup_stm32f103xb.o [1]
  .text              ro code  0x08001788     0x4  startup_stm32f103xb.o [1]
  .text              ro code  0x0800178c     0x4  startup_stm32f103xb.o [1]
  .text              ro code  0x08001790     0x4  startup_stm32f103xb.o [1]
  .text              ro code  0x08001794     0x4  startup_stm32f103xb.o [1]
  .text              ro code  0x08001798     0x4  startup_stm32f103xb.o [1]
  .text              ro code  0x0800179c     0x4  startup_stm32f103xb.o [1]
  .text              ro code  0x080017a0     0x4  startup_stm32f103xb.o [1]
  .text              ro code  0x080017a4     0x4  startup_stm32f103xb.o [1]
  .text              ro code  0x080017a8     0x4  startup_stm32f103xb.o [1]
  .text              ro code  0x080017ac     0x4  startup_stm32f103xb.o [1]
  .text              ro code  0x080017b0     0x4  startup_stm32f103xb.o [1]
  .text              ro code  0x080017b4     0x4  startup_stm32f103xb.o [1]
  .text              ro code  0x080017b8     0x4  startup_stm32f103xb.o [1]
  .text              ro code  0x080017bc     0x4  startup_stm32f103xb.o [1]
  .text              ro code  0x080017c0     0x4  startup_stm32f103xb.o [1]
  .text              ro code  0x080017c4     0x4  startup_stm32f103xb.o [1]
  .text              ro code  0x080017c8     0x4  startup_stm32f103xb.o [1]
  .text              ro code  0x080017cc     0x4  startup_stm32f103xb.o [1]
  .text              ro code  0x080017d0     0x4  startup_stm32f103xb.o [1]
  .text              ro code  0x080017d4     0x4  startup_stm32f103xb.o [1]
  .text              ro code  0x080017d8     0x4  startup_stm32f103xb.o [1]
  .text              ro code  0x080017dc     0x4  startup_stm32f103xb.o [1]
  .text              ro code  0x080017e0     0x4  startup_stm32f103xb.o [1]
  .text              ro code  0x080017e4     0x4  startup_stm32f103xb.o [1]
  .rodata            const    0x080017e8     0x0  zero_init3.o [4]
  .rodata            const    0x080017e8     0x0  copy_init3.o [4]
                            - 0x080017e8  0x16fc

"P2", part 1 of 3:                          0x1c
  P2-1                        0x20000000    0x1c  <Init block>
    .data            inited   0x20000000     0xc  main.o [1]
    .data            inited   0x2000000c     0xc  stm32f1xx_hal.o [1]
    .data            inited   0x20000018     0x4  system_stm32f1xx.o [1]
                            - 0x2000001c    0x1c

"P2", part 2 of 3:                          0x80
  .bss               zero     0x2000001c    0x40  tim.o [1]
  .bss               zero     0x2000005c    0x40  usart.o [1]
                            - 0x2000009c    0x80

"P2", part 3 of 3:                         0x400
  CSTACK                      0x200000a0   0x400  <Block>
    CSTACK           uninit   0x200000a0   0x400  <Block tail>
                            - 0x200004a0   0x400


*******************************************************************************
*** INIT TABLE
***

          Address     Size
          -------     ----
Zero (__iar_zero_init3)
    1 destination range, total size 0x80:
          0x2000001c  0x80

Copy (__iar_copy_init3)
    1 source range, total size 0x1c:
          0x08001704  0x1c
    1 destination range, total size 0x1c:
          0x20000000  0x1c



*******************************************************************************
*** MODULE SUMMARY
***

    Module                  ro code  ro data  rw data
    ------                  -------  -------  -------
C:\Users\Zgeny\Desktop\001STM32_WS2812B\WS2812Bv1.0\EWARM\WS2812Bv1.0\Obj: [1]
    bsp_ws2812b.o               244
    gpio.o                      136
    main.o                      204       12       12
    startup_stm32f103xb.o       416
    stm32f1xx_hal.o             168       12       12
    stm32f1xx_hal_cortex.o      230
    stm32f1xx_hal_dma.o         184
    stm32f1xx_hal_gpio.o        452
    stm32f1xx_hal_msp.o         136
    stm32f1xx_hal_rcc.o       1 250
    stm32f1xx_hal_tim.o         838
    stm32f1xx_hal_tim_ex.o       78
    stm32f1xx_hal_uart.o        902
    stm32f1xx_it.o               52
    system_stm32f1xx.o           92       12        4
    tim.o                       212                64
    usart.o                     216                64
    -------------------------------------------------
    Total:                    5 810       36      156

command line: [2]
    -------------------------------------------------
    Total:

dl7M_tlf.a: [3]
    exit.o                        4
    low_level_init.o              4
    -------------------------------------------------
    Total:                        8

rt7M_tl.a: [4]
    cexit.o                      10
    cmain.o                      30
    copy_init3.o                 44
    cstartup_M.o                 12
    data_init.o                  40
    zero_init3.o                 64
    -------------------------------------------------
    Total:                      200

shb_l.a: [5]
    exit.o                       20
    -------------------------------------------------
    Total:                       20

    Gaps                         10
    Linker created                        36    1 024
-----------------------------------------------------
    Grand Total:              6 048       72    1 180


*******************************************************************************
*** ENTRY LIST
***

Entry                      Address   Size  Type      Object
-----                      -------   ----  ----      ------
.iar.init_table$$Base   0x08001698          --   Gb  - Linker created -
.iar.init_table$$Limit  0x080016bc          --   Gb  - Linker created -
?main                   0x080016bd         Code  Gb  cmain.o [4]
AHBPrescTable           0x080015b0   0x10  Data  Gb  system_stm32f1xx.o [1]
APBPrescTable           0x0800173c    0x8  Data  Gb  system_stm32f1xx.o [1]
BusFault_Handler        0x08001607    0x2  Code  Gb  stm32f1xx_it.o [1]
CSTACK$$Base            0x200000a0          --   Gb  - Linker created -
CSTACK$$Limit           0x200004a0          --   Gb  - Linker created -
DebugMon_Handler        0x0800160d    0x2  Code  Gb  stm32f1xx_it.o [1]
HAL_DMA_Abort_IT        0x08000b5d   0x9a  Code  Gb  stm32f1xx_hal_dma.o [1]
HAL_Delay               0x08001121   0x28  Code  Wk  stm32f1xx_hal.o [1]
HAL_GPIO_Init           0x08000ce9  0x182  Code  Gb  stm32f1xx_hal_gpio.o [1]
HAL_GPIO_WritePin       0x08000e6b    0xc  Code  Gb  stm32f1xx_hal_gpio.o [1]
HAL_GetTick             0x080005d1    0xc  Code  Wk  stm32f1xx_hal.o [1]
HAL_IncTick             0x08001635   0x10  Code  Wk  stm32f1xx_hal.o [1]
HAL_Init                0x08000ead   0x20  Code  Gb  stm32f1xx_hal.o [1]
HAL_InitTick            0x080005dd   0x40  Code  Wk  stm32f1xx_hal.o [1]
HAL_MspInit             0x08001149   0x88  Code  Gb  stm32f1xx_hal_msp.o [1]
HAL_NVIC_EnableIRQ      0x0800068f    0xa  Code  Gb  stm32f1xx_hal_cortex.o [1]
HAL_NVIC_SetPriority    0x08000655   0x3a  Code  Gb  stm32f1xx_hal_cortex.o [1]
HAL_NVIC_SetPriorityGrouping
                        0x0800063b   0x1a  Code  Gb  stm32f1xx_hal_cortex.o [1]
HAL_RCC_ClockConfig     0x08000409  0x10c  Code  Gb  stm32f1xx_hal_rcc.o [1]
HAL_RCC_GetHCLKFreq     0x08000565    0x6  Code  Gb  stm32f1xx_hal_rcc.o [1]
HAL_RCC_GetPCLK1Freq    0x0800056b   0x10  Code  Gb  stm32f1xx_hal_rcc.o [1]
HAL_RCC_GetPCLK2Freq    0x0800057b    0xe  Code  Gb  stm32f1xx_hal_rcc.o [1]
HAL_RCC_GetSysClockFreq
                        0x08000529   0x3c  Code  Gb  stm32f1xx_hal_rcc.o [1]
HAL_RCC_GetSysClockFreq::aPLLMULFactorTable
                        0x080005bc   0x10  Data  Lc  stm32f1xx_hal_rcc.o [1]
HAL_RCC_GetSysClockFreq::aPredivFactorTable
                        0x080005cc    0x2  Data  Lc  stm32f1xx_hal_rcc.o [1]
HAL_RCC_OscConfig       0x080000ed  0x314  Code  Gb  stm32f1xx_hal_rcc.o [1]
HAL_SYSTICK_CLKSourceConfig
                        0x080006cb   0x1a  Code  Gb  stm32f1xx_hal_cortex.o [1]
HAL_SYSTICK_Config      0x080006a3   0x28  Code  Gb  stm32f1xx_hal_cortex.o [1]
HAL_SYSTICK_IRQHandler  0x080006fd    0x4  Code  Gb  stm32f1xx_hal_cortex.o [1]
HAL_TIMEx_BreakCallback
                        0x0800155d    0x2  Code  Wk  stm32f1xx_hal_tim_ex.o [1]
HAL_TIMEx_CommutationCallback
                        0x08001561    0x2  Code  Wk  stm32f1xx_hal_tim_ex.o [1]
HAL_TIMEx_MasterConfigSynchronization
                        0x0800150d   0x4a  Code  Gb  stm32f1xx_hal_tim_ex.o [1]
HAL_TIM_Base_Init       0x080011d1   0x1a  Code  Gb  stm32f1xx_hal_tim.o [1]
HAL_TIM_Base_MspInit    0x08000fbf   0x22  Code  Gb  tim.o [1]
HAL_TIM_ConfigClockSource
                        0x08001357   0xac  Code  Gb  stm32f1xx_hal_tim.o [1]
HAL_TIM_IRQHandler      0x0800120f  0x142  Code  Gb  stm32f1xx_hal_tim.o [1]
HAL_UART_IRQHandler     0x08000789  0x152  Code  Gb  stm32f1xx_hal_uart.o [1]
HAL_UART_Init           0x08000705   0x1e  Code  Gb  stm32f1xx_hal_uart.o [1]
HAL_UART_MspInit        0x08000abb   0x52  Code  Gb  usart.o [1]
HardFault_Handler       0x08001603    0x2  Code  Gb  stm32f1xx_it.o [1]
MX_GPIO_Init            0x08000ed1   0x88  Code  Gb  gpio.o [1]
MX_TIM3_Init            0x08000f59   0x66  Code  Gb  tim.o [1]
MX_USART1_UART_Init     0x08000a85   0x36  Code  Gb  usart.o [1]
MemManage_Handler       0x08001605    0x2  Code  Gb  stm32f1xx_it.o [1]
NMI_Handler             0x08001601    0x2  Code  Gb  stm32f1xx_it.o [1]
NVIC_SetPriority        0x0800061d   0x1e  Code  Lc  stm32f1xx_hal_cortex.o [1]
PendSV_Handler          0x0800160f    0x2  Code  Gb  stm32f1xx_it.o [1]
Region$$Table$$Base     0x08001698          --   Gb  - Linker created -
Region$$Table$$Limit    0x080016bc          --   Gb  - Linker created -
SVC_Handler             0x0800160b    0x2  Code  Gb  stm32f1xx_it.o [1]
SysTick_Handler         0x08001611    0xe  Code  Gb  stm32f1xx_it.o [1]
SystemClock_Config      0x08000c75   0x72  Code  Gb  main.o [1]
SystemCoreClock         0x20000018    0x4  Data  Gb  system_stm32f1xx.o [1]
SystemInit              0x08001565   0x3a  Code  Gb  system_stm32f1xx.o [1]
TIM3_IRQHandler         0x0800161f    0x6  Code  Gb  stm32f1xx_it.o [1]
TIM_Base_SetConfig      0x0800142d   0x5e  Code  Gb  stm32f1xx_hal_tim.o [1]
TIM_ETR_SetConfig       0x080014f3   0x14  Code  Lc  stm32f1xx_hal_tim.o [1]
TIM_ITRx_SetConfig      0x080014e3   0x10  Code  Lc  stm32f1xx_hal_tim.o [1]
TIM_TI1_ConfigInputStage
                        0x080014a1   0x1e  Code  Lc  stm32f1xx_hal_tim.o [1]
TIM_TI2_ConfigInputStage
                        0x080014bf   0x24  Code  Lc  stm32f1xx_hal_tim.o [1]
UART_DMAAbortOnError    0x080008f9    0xc  Code  Lc  stm32f1xx_hal_uart.o [1]
UART_EndRxTransfer      0x080008db   0x1c  Code  Lc  stm32f1xx_hal_uart.o [1]
UART_Receive_IT         0x08000905   0x96  Code  Lc  stm32f1xx_hal_uart.o [1]
UART_SetConfig          0x0800099b   0xde  Code  Lc  stm32f1xx_hal_uart.o [1]
USART1_IRQHandler       0x08001625    0x6  Code  Gb  stm32f1xx_it.o [1]
UsageFault_Handler      0x08001609    0x2  Code  Gb  stm32f1xx_it.o [1]
_Error_Handler          0x08000ce7    0x2  Code  Gb  main.o [1]
__cmain                 0x080016bd         Code  Gb  cmain.o [4]
__exit                  0x080016f1   0x14  Code  Gb  exit.o [5]
__iar_copy_init3        0x08001645   0x2c  Code  Gb  copy_init3.o [4]
__iar_data_init3        0x08001671   0x28  Code  Gb  data_init.o [4]
__iar_program_start     0x08001731         Code  Gb  cstartup_M.o [4]
__iar_systems$$module {Abs}
                        0x00000001         Data  Gb  command line/config [2]
__iar_zero_init3        0x080015c1   0x40  Code  Gb  zero_init3.o [4]
__low_level_init        0x080016db    0x4  Code  Gb  low_level_init.o [3]
__vector_table          0x08000000         Data  Gb  startup_stm32f103xb.o [1]
_call_main              0x080016c9         Code  Gb  cmain.o [4]
_exit                   0x080016e5         Code  Gb  cexit.o [4]
_main                   0x080016d7         Code  Gb  cmain.o [4]
bsp_ws2812bSendArryDataToLeft
                        0x080010bb   0x56  Code  Gb  bsp_ws2812b.o [1]
bsp_ws2812bSendArryDataToRight
                        0x08001065   0x56  Code  Gb  bsp_ws2812b.o [1]
delay250ns              0x08001061    0x4  Code  Gb  bsp_ws2812b.o [1]
delay400ns              0x08001055    0xc  Code  Gb  bsp_ws2812b.o [1]
delay600ns              0x0800102d   0x14  Code  Gb  bsp_ws2812b.o [1]
delay850ns              0x08001041   0x14  Code  Gb  bsp_ws2812b.o [1]
exit                    0x080016df    0x4  Code  Gb  exit.o [3]
htim3                   0x2000001c   0x40  Data  Gb  tim.o [1]
huart1                  0x2000005c   0x40  Data  Gb  usart.o [1]
leds                    0x20000000    0xc  Data  Gb  main.o [1]
main                    0x08000c1d   0x52  Code  Gb  main.o [1]
uwTick                  0x20000010    0x4  Data  Gb  stm32f1xx_hal.o [1]
uwTickFreq              0x2000000c    0x1  Data  Gb  stm32f1xx_hal.o [1]
uwTickPrio              0x20000014    0x4  Data  Gb  stm32f1xx_hal.o [1]


[1] = C:\Users\Zgeny\Desktop\001STM32_WS2812B\WS2812Bv1.0\EWARM\WS2812Bv1.0\Obj
[2] = command line
[3] = dl7M_tlf.a
[4] = rt7M_tl.a
[5] = shb_l.a

  6 048 bytes of readonly  code memory
     72 bytes of readonly  data memory
  1 180 bytes of readwrite data memory

Errors: none
Warnings: none
